
------ file D:\pmos2\src\Arith64.mod
_TEXT   10000 Arith64_ToAPI64
_TEXT   10040 Arith64_FromAPI64
_TEXT   10080 Arith64_IsZero
_TEXT   100B0 Arith64_Compare64
_TEXT   10120 Arith64_Add64
_TEXT   10170 Arith64_Sub64
_TEXT   101C0 Arith64_INC64
_TEXT   101F0 Arith64_DEC64
_TEXT   10230 Arith64_ShortSub
_TEXT   10280 Arith64_Sum64
_TEXT   10320 Arith64_Diff64
_TEXT   10420 Arith64_Mul32
_TEXT   10570 Arith64_Mul64
_TEXT   107C0 Arith64_ShortMul64
_TEXT   10810 Arith64_LongDiv64
_TEXT   10920 Arith64_ShortDiv
_TEXT   10960 Arith64_Div10
_TEXT   10990 Arith64_FLOAT64
_TEXT   109D0 Arith64_ORDL
_TEXT   10A80 Arith64_BEGIN

------ file D:\pmos2\src\Conversions.mod
_TEXT   10AA0 Conversions_atoi
_TEXT   10AF0 Conversions_StringToHex
_TEXT   10C40 Conversions_StringToCardinal
_TEXT   10C90 Conversions_StringToLongCard
_TEXT   10D80 Conversions_StringToCard64
_TEXT   10E90 Conversions_StringToReal
_TEXT   10F20 Conversions_StringToLongReal
_TEXT   11160 Conversions_HexToChar
_TEXT   111B0 Conversions_HexByteToString
_TEXT   11220 Conversions_HexToString
_TEXT   11290 Conversions_LongHexToString
_TEXT   112E0 Conversions_HexToStringLJ
_TEXT   11360 Conversions_ShortCardToString
_TEXT   11380 Conversions_CardinalToString
_TEXT   113A0 Conversions_LongCardToString
_TEXT   11480 Conversions_Card64ToString
_TEXT   11570 Conversions_RealToString
_TEXT   115A0 Conversions_LongRealToString
_TEXT   11730 Conversions_CardinalToStringLJ
_TEXT   11780 Conversions_Card64ToStringLJ
_TEXT   117E0 Conversions_RealToF
_TEXT   11810 Conversions_LongRealToF
_TEXT   12070 Conversions_BEGIN

------ file D:\pmos2\src\Exceptq.mod
_TEXT   120A0 Exceptq_EqSetInfo
_TEXT   12150 Exceptq_InstallExceptq
_TEXT   12190 Exceptq_UninstallExceptq
_TEXT   12340 Exceptq_BEGIN

------ file D:\PMOS2\SRC\FileOps.mod
_TEXT   12390 FileOps_FreeSpace
_TEXT   12430 FileOps_GetCurrentDirectory
_TEXT   12490 FileOps_GetEXEDirectory
_TEXT   12520 FileOps_OpenOldFile
_TEXT   12610 FileOps_OpenNewFile
_TEXT   126F0 FileOps_OpenNewFile1
_TEXT   12750 FileOps_OpenNewHiddenFile
_TEXT   127B0 FileOps_OpenAtEnd
_TEXT   12870 FileOps_CloseFile
_TEXT   12890 FileOps_Flush
_TEXT   128B0 FileOps_HideFile
_TEXT   12920 FileOps_Exists
_TEXT   129B0 FileOps_DeleteFile
_TEXT   12A10 FileOps_DeleteDir
_TEXT   12A80 FileOps_CreateFile
_TEXT   12AF0 FileOps_MoveFile
_TEXT   12C10 FileOps_CopyFile
_TEXT   12CB0 FileOps_AppendFile
_TEXT   12E20 FileOps_MoveDirectory
_TEXT   13100 FileOps_CurrentPosition
_TEXT   13170 FileOps_StartPosition
_TEXT   13190 FileOps_EndPosition
_TEXT   13270 FileOps_SetPosition
_TEXT   132D0 FileOps_GetFileSize
_TEXT   13390 FileOps_SetFileSize
_TEXT   133F0 FileOps_ReadRaw
_TEXT   13410 FileOps_ReadLine
_TEXT   134B0 FileOps_WriteRaw
_TEXT   134E0 FileOps_WriteRawV
_TEXT   13540 FileOps_FWriteChar
_TEXT   13560 FileOps_FWriteString
_TEXT   135D0 FileOps_FWriteLn
_TEXT   135F0 FileOps_FWriteHexByte
_TEXT   13620 FileOps_FWriteCard
_TEXT   13660 FileOps_FWriteCard64
_TEXT   136A0 FileOps_FWriteZCard
_TEXT   13700 FileOps_FWriteLJCard
_TEXT   13730 FileOps_FWriteLJCard64
_TEXT   13770 FileOps_FirstDirEntry
_TEXT   13820 FileOps_NextDirEntry
_TEXT   13850 FileOps_DirSearchDone
_TEXT   13870 FileOps_GetProgName
_TEXT   14200 FileOps_BEGIN

------ file D:\Myapps2\INIRem\src\Hexadecimal.mod
_TEXT   14250 Hexadecimal_HexCode
_TEXT   142A0 Hexadecimal_PutHex
_TEXT   14310 Hexadecimal_PutHex2
_TEXT   14390 Hexadecimal_GetHex
_TEXT   14480 Hexadecimal_GetHex2
_TEXT   14600 Hexadecimal_BEGIN

------ file D:\Myapps2\INIRem\src\INICommands.mod
_TEXT   14620 INICommands_SetOurINIname
_TEXT   14640 INICommands_OpenSession
_TEXT   146A0 INICommands_CloseSession
_TEXT   146C0 INICommands_HandleCommand
_TEXT   15850 INICommands_BEGIN

------ file D:\Myapps2\INIRem\src\INIFiles.mod
_TEXT   15890 INIFiles_ListDrives
_TEXT   15980 INIFiles_ListDirectory
_TEXT   15B50 INIFiles_MakeFilename
_TEXT   15D20 INIFiles_SetDirectory
_TEXT   15E50 INIFiles_MakeDirectory
_TEXT   15F10 INIFiles_Move
_TEXT   16090 INIFiles_FileDelete
_TEXT   16380 INIFiles_BEGIN

------ file D:\Myapps2\INIRem\src\INIMisc.mod
_TEXT   163B0 INIMisc_Swap2
_TEXT   163D0 INIMisc_Swap4
_TEXT   163F0 INIMisc_AddEOL
_TEXT   16440 INIMisc_IPToString
_TEXT   16540 INIMisc_OpenINIFile
_TEXT   166A0 INIMisc_BEGIN

------ file D:\Myapps2\INIRem\src\INIServe.mod
_TEXT   16E50 main

------ file D:\Myapps2\INIRem\src\INISession.mod
_TEXT   17060 INISession_SetTimeout
_TEXT   17090 INISession_NewSession
_TEXT   170F0 INISession_RestartRequestSem
_TEXT   17590 INISession_BEGIN

------ file D:\Myapps2\INIRem\src\ISV.mod
_TEXT   17600 ISV_BEGIN

------ file D:\pmos2\src\LowLevel.mod
_TEXT   17620 LowLevel_EVAL
_TEXT   17670 LowLevel_Assert
_TEXT   176D0 LowLevel_ALLOCATE64
_TEXT   17760 LowLevel_SwapIt
_TEXT   177C0 LowLevel_IAND
_TEXT   177D0 LowLevel_IANDB
_TEXT   177F0 LowLevel_IOR
_TEXT   17800 LowLevel_IORB
_TEXT   17820 LowLevel_IXOR
_TEXT   17830 LowLevel_IXORB
_TEXT   17850 LowLevel_INOT
_TEXT   17870 LowLevel_INOTB
_TEXT   178A0 LowLevel_ROL
_TEXT   178C0 LowLevel_ROLB
_TEXT   178E0 LowLevel_LS
_TEXT   17910 LowLevel_LSB
_TEXT   17940 LowLevel_ROR
_TEXT   17970 LowLevel_RORB
_TEXT   179A0 LowLevel_RS
_TEXT   179E0 LowLevel_RSB
_TEXT   17A20 LowLevel_Far
_TEXT   17A30 LowLevel_MakePointer
_TEXT   17A50 LowLevel_SEGMENT
_TEXT   17A60 LowLevel_FarSEGMENT
_TEXT   17A70 LowLevel_OFFSET
_TEXT   17A90 LowLevel_AddOffset
_TEXT   17AA0 LowLevel_SubtractOffset
_TEXT   17AB0 LowLevel_FarAddOffset
_TEXT   17AC0 LowLevel_FarSubtractOffset
_TEXT   17AD0 LowLevel_LowByte
_TEXT   17AF0 LowLevel_HighByte
_TEXT   17B10 LowLevel_MakeWord
_TEXT   17B30 LowLevel_SignExtend
_TEXT   17B40 LowLevel_LowWord
_TEXT   17B60 LowLevel_HighWord
_TEXT   17B80 LowLevel_MakeLongword
_TEXT   17BA0 LowLevel_INCV
_TEXT   17BF0 LowLevel_INCVB
_TEXT   17C30 LowLevel_DECV
_TEXT   17C70 LowLevel_DECVB
_TEXT   17CC0 LowLevel_Mul
_TEXT   17CE0 LowLevel_MulB
_TEXT   17D00 LowLevel_IMul
_TEXT   17D20 LowLevel_IMulB
_TEXT   17D60 LowLevel_DivB
_TEXT   17D80 LowLevel_Div
_TEXT   17DB0 LowLevel_Copy
_TEXT   17DE0 LowLevel_FarCopy
_TEXT   17E10 LowLevel_CopyUp
_TEXT   17E70 LowLevel_BlockFill
_TEXT   17E90 LowLevel_BlockFillWord
_TEXT   17ED0 LowLevel_BEGIN

------ file D:\dev1\general\src\MiscFuncs.mod
_TEXT   17EF0 MiscFuncs_EVAL
_TEXT   17F40 MiscFuncs_StripWhitespace
_TEXT   18010 MiscFuncs_StringMatch
_TEXT   180C0 MiscFuncs_HeadMatch
_TEXT   18170 MiscFuncs_ToLower
_TEXT   181E0 MiscFuncs_AppendString
_TEXT   18290 MiscFuncs_SplitArg
_TEXT   18340 MiscFuncs_SetINIorTNIname
_TEXT   183D0 MiscFuncs_GetNum
_TEXT   18480 MiscFuncs_WriteCard
_TEXT   184D0 MiscFuncs_ConvertCard
_TEXT   18560 MiscFuncs_AppendCard
_TEXT   185B0 MiscFuncs_AppendInt
_TEXT   18620 MiscFuncs_ConvertCard64
_TEXT   186C0 MiscFuncs_ConvertCardRJ
_TEXT   18750 MiscFuncs_ConvertCard64RJ
_TEXT   187F0 MiscFuncs_ConvertCardZ
_TEXT   188B0 MiscFuncs_ConvertDecimal
_TEXT   18930 MiscFuncs_ConvertDecimal64
_TEXT   18A80 MiscFuncs_HexEncodeArray
_TEXT   18B50 MiscFuncs_DecodeHex
_TEXT   18C10 MiscFuncs_DecodeHexString
_TEXT   18D20 MiscFuncs_AddEOL
_TEXT   18D90 MiscFuncs_LockScreen
_TEXT   18DA0 MiscFuncs_UnlockScreen
_TEXT   18DB0 MiscFuncs_OpenLogFile
_TEXT   18E10 MiscFuncs_CloseLogFile
_TEXT   18FD0 MiscFuncs_BEGIN

------ file D:\pmos2\src\OS2Sem.mod
_TEXT   19030 OS2Sem_SemError
_TEXT   190A0 OS2Sem_TimedWaitOnSemaphore
_TEXT   19210 OS2Sem_WaitOnSemaphore
_TEXT   19280 OS2Sem_BEGIN

------ file D:\Myapps2\INIRem\src\ProgName.mod
_TEXT   192A0 ProgName_GetProgramName
_TEXT   192D0 ProgName_BEGIN

------ file D:\pmos2\src\Semaphores.mod
_TEXT   192F0 Semaphores_IsNilSemaphore
_TEXT   19300 Semaphores_CreateSemaphore
_TEXT   19350 Semaphores_DestroySemaphore
_TEXT   19380 Semaphores_SemVal
_TEXT   193A0 Semaphores_Wait
_TEXT   19470 Semaphores_TimedWaitInternal
_TEXT   195C0 Semaphores_Signal
_TEXT   19670 Semaphores_SSignal
_TEXT   19770 Semaphores_BEGIN

------ file D:\pmos2\src\SplitScreen.mod
_TEXT   197A0 SplitScreen_NotDetached
_TEXT   197B0 SplitScreen_LockScreen
_TEXT   197D0 SplitScreen_UnlockScreen
_TEXT   197F0 SplitScreen_SetBoundary
_TEXT   19820 SplitScreen_ClearScreen
_TEXT   19870 SplitScreen_ReleaseScreen
_TEXT   198B0 SplitScreen_RegainScreen
_TEXT   19900 SplitScreen_WriteChar
_TEXT   19920 SplitScreen_WriteString
_TEXT   19A80 SplitScreen_WriteLn
_TEXT   19B20 SplitScreen_SetCursor
_TEXT   19B70 SplitScreen_WriteInt
_TEXT   19BA0 SplitScreen_WriteCard
_TEXT   19BF0 SplitScreen_WriteStringAt
_TEXT   19DE0 SplitScreen_BEGIN

------ file D:\pmos2\src\TaskControl.mod
_TEXT   19E50 TaskControl_IsFullScreen
_TEXT   19E60 TaskControl_NotDetached
_TEXT   19E70 TaskControl_CreateTask
_TEXT   19EB0 TaskControl_CreateTask1
_TEXT   19EF0 TaskControl_TaskExit
_TEXT   19FC0 TaskControl_ThreadCount
_TEXT   19FD0 TaskControl_Crash
_TEXT   1A030 TaskControl_CreateLock
_TEXT   1A060 TaskControl_DestroyLock
_TEXT   1A090 TaskControl_Obtain
_TEXT   1A0B0 TaskControl_Release
_TEXT   1A0D0 TaskControl_CurrentTaskID
_TEXT   1A100 TaskControl_SuspendMe
_TEXT   1A130 TaskControl_ResumeTask
_TEXT   1A580 TaskControl_BEGIN

------ file D:\pmos2\src\Timer.mod
_TEXT   1A600 Timer_Sleep
_TEXT   1A620 Timer_TimedWait
_TEXT   1A640 Timer_TimedWaitSpecial
_TEXT   1A660 Timer_BEGIN

------ file D:\pmos2\src\Types.mod
_TEXT   1A680 Types_BEGIN

------ file .\xstart.asm (library D:\Apps\XDS\lib\x86\xstart.lib)
_TEXT   1A6A0 xStart
_TEXT   1A6BC X2C_FINALLY
_TEXT   1A6C1 X2C_INIT_HISTORY
_TEXT   1A6DB X2C_MODULE
_TEXT   1A6F0 X2C_GetMyHandle

------ file E:\th024.c (library D:\Apps\XDS\lib\x86\xds230mi.lib)
_TEXT   1A6F7 VioGetCurPos

------ file E:\th025.c (library D:\Apps\XDS\lib\x86\xds230mi.lib)
_TEXT   1A741 VioSetCurPos

------ file E:\th028.c (library D:\Apps\XDS\lib\x86\xds230mi.lib)
_TEXT   1A783 VioGetMode

------ file E:\th034.c (library D:\Apps\XDS\lib\x86\xds230mi.lib)
_TEXT   1A7C0 VioWrtCharStr

------ file E:\th036.c (library D:\Apps\XDS\lib\x86\xds230mi.lib)
_TEXT   1A818 VioScrollUp

------ file E:\th040.c (library D:\Apps\XDS\lib\x86\xds230mi.lib)
_TEXT   1A882 VioWrtNCell

------ file thunk.asm (library D:\Apps\XDS\lib\x86\xds230mi.lib)
_TEXT   1A8DC __Thunk
_TEXT   1A92B __CallFar16
_TEXT   1A975 __FlatToSel
_TEXT   1A97E __SelToFlat

------ file ..\..\xr\x86\xrnincls.asm (library D:\Apps\XDS\lib\x86\xds230mi.lib)
_DATA   307DC X2C_INCLs
